---
source: crates/compiler/parser/src/parser.rs
expression: snapshot_entry
---
code: func test() { let very_long_variable_name_that_tests_identifier_parsing = another_very_long_identifier; }
result: [
    Function(
        Spanned(
            FunctionDef {
                name: Spanned(
                    "test",
                    5..9,
                ),
                params: [],
                return_type: None,
                body: [
                    Spanned(
                        Let {
                            name: Spanned(
                                "very_long_variable_name_that_tests_identifier_parsing",
                                18..71,
                            ),
                            statement_type: None,
                            value: Spanned(
                                Identifier(
                                    Spanned(
                                        "another_very_long_identifier",
                                        74..102,
                                    ),
                                ),
                                74..102,
                            ),
                        },
                        14..103,
                    ),
                ],
            },
            0..105,
        ),
    ),
]
