---
source: crates/compiler/parser/src/parser.rs
expression: snapshot_entries
---
code: local x: felt = 42;
result: [02] Error: found 'local' expected 'func', 'struct', 'from', 'const', 'namespace', or end of input
   ╭─[ invalid_toplevel_local:1:1 ]
   │
 1 │ local x: felt = 42;
   │ ──┬──  
   │   ╰──── found 'local' expected 'func', 'struct', 'from', 'const', 'namespace', or end of input
───╯
