---
source: crates/compiler/parser/src/parser.rs
expression: snapshot_entries
---
code: func test() { let x = 0xGG; }
result: [01] Error: Invalid number '0xGG': Invalid number format
   ╭─[ invalid_number_format_integration:1:23 ]
   │
 1 │ func test() { let x = 0xGG; }
   │                       ──┬─  
   │                         ╰─── Invalid number '0xGG': Invalid number format
───╯
