---
source: crates/compiler/parser/src/parser.rs
expression: snapshot_entries
---
code: func test() { foo(a, b; }
result: [02] Error: found ';' expected '{', '(', '.', '[', '*', '/', '+', '-', '==', '!=', '&&', '||', ',', or ')'
   ╭─[ unclosed_paren:1:23 ]
   │
 1 │ func test() { foo(a, b; }
   │                       ┬  
   │                       ╰── found ';' expected '{', '(', '.', '[', '*', '/', '+', '-', '==', '!=', '&&', '||', ',', or ')'
───╯
