---
source: crates/compiler/parser/src/parser.rs
expression: snapshot_entries
---
code: func (a: felt) -> felt { }
result: [02] Error: found '(' expected identifier
   ╭─[ missing_function_name:1:6 ]
   │
 1 │ func (a: felt) -> felt { }
   │      ┬  
   │      ╰── found '(' expected identifier
───╯
