---
source: crates/compiler/parser/src/parser.rs
expression: snapshot_entries
---
code: let x = 5;
result: [02] Error: found 'let' expected 'func', 'struct', 'from', 'const', 'namespace', or end of input
   ╭─[ invalid_toplevel_let:1:1 ]
   │
 1 │ let x = 5;
   │ ─┬─  
   │  ╰─── found 'let' expected 'func', 'struct', 'from', 'const', 'namespace', or end of input
───╯
