---
source: crates/compiler/parser/src/parser.rs
expression: snapshot_entry
---
code: namespace Outer { namespace Inner { const VALUE = 42; } }
result: [
    Namespace(
        Spanned(
            Namespace {
                name: Spanned(
                    "Outer",
                    10..15,
                ),
                body: [
                    Namespace(
                        Spanned(
                            Namespace {
                                name: Spanned(
                                    "Inner",
                                    28..33,
                                ),
                                body: [
                                    Const(
                                        Spanned(
                                            ConstDef {
                                                name: Spanned(
                                                    "VALUE",
                                                    42..47,
                                                ),
                                                value: Spanned(
                                                    Literal(
                                                        42,
                                                    ),
                                                    50..52,
                                                ),
                                            },
                                            36..53,
                                        ),
                                    ),
                                ],
                            },
                            18..55,
                        ),
                    ),
                ],
            },
            0..57,
        ),
    ),
]
