---
source: crates/compiler/semantic/tests/mod.rs
description: "Inline semantic validation error test: statements::let_local_statements::test_let_with_undeclared_variable"
---
Fixture: semantic_tests::statements::let_local_statements::test_let_with_undeclared_variable
============================================================
Source code:
fn test() { let x = undefined_var; return(); }
============================================================
Found 1 diagnostic(s):

--- Diagnostic 1 ---
[1001] Error: Undeclared variable 'undefined_var'
   ╭─[ semantic_tests::statements::let_local_statements::test_let_with_undeclared_variable:1:21 ]
   │
 1 │ fn test() { let x = undefined_var; return(); }
   │                     ──────┬──────  
   │                           ╰──────── Undeclared variable 'undefined_var'
───╯
