---
source: crates/compiler/semantic/tests/mod.rs
description: "Inline semantic validation error test: control_flow::missing_returns::test_missing_return_simple"
---
Fixture: semantic_tests::control_flow::missing_returns::test_missing_return_simple
============================================================
Source code:

        fn test() -> felt {
            let x = 42;
            // Missing return statement
        }
    
============================================================
Found 1 diagnostic(s):

--- Diagnostic 1 ---
[3002] Error: Function 'test' doesn't return on all paths
   ╭─[ semantic_tests::control_flow::missing_returns::test_missing_return_simple:2:12 ]
   │
 2 │         fn test() -> felt {
   │            ──┬─  
   │              ╰─── Function 'test' doesn't return on all paths
───╯
