---
source: crates/compiler/mir/tests/mdtest_snapshots.rs
description: "MIR snapshot for mdtest: Structs in Cairo-M - Basic Struct Definition 2"
input_file: mdtest/03-types/02-structs.md
---
Source:
struct PointU32 {
    x: u32,
    y: u32,
}

fn test_struct_basic_u32() -> u32 {
    let p = PointU32 { x: 10, y: 20 };
    return p.x + p.y;
}
============================================================
Generated MIR:
module {
  // Function 0
  fn test_struct_basic_u32 {
    entry: 0

    0:
      // Folded ExtractStructField(0, "x")
%1 = 10 (u32)
      // Folded ExtractStructField(0, "y")
%2 = 20 (u32)
      %3 = %1 U32Add %2
      return %3

  }

}
