---
source: crates/compiler/mir/tests/mdtest_snapshots.rs
description: "MIR snapshot for mdtest: Arrays in Cairo-M - Array Element Assignment"
input_file: mdtest/01-basics/05-arrays.md
---
Source:
fn assign_array_element() -> felt {
    let arr: [felt; 3] = [1, 2, 3];
    arr[0] = 42;           // Set first element
    arr[1] = 24;           // Set second element
    return arr[0];         // Return first element
}
============================================================
Generated MIR:
module {
  // Function 0
  fn assign_array_element {
    entry: 0

    0:
      %3 = 42
      return %3

  }

}
