---
source: crates/compiler/mir/tests/mdtest_snapshots.rs
description: "MIR snapshot for mdtest: Type Casts -  to  2"
input_file: mdtest/01-basics/08-type-casts.md
---
Source:
fn test_felt_to_u32() -> u32 {
    let x: felt = 10;
    let y: u32 = x as u32;
    return y;
}
============================================================
Result: EXPECTED ERROR
Semantic validation failed with diagnostics:
DiagnosticCollection {
    diagnostics: [
        Diagnostic {
            severity: Error,
            code: TypeMismatch,
            message: "Invalid cast from 'felt' to 'u32'. Only u32 to felt casting is currently supported.",
            file_path: "Type Casts -  to  2",
            span: 70..71,
            related_spans: [],
        },
    ],
}
