---
source: crates/compiler/mir/tests/mdtest_snapshots.rs
description: "MIR snapshot for mdtest: Structs in Cairo-M - Struct Field Access"
input_file: mdtest/03-types/02-structs.md
---
Source:
struct Rectangle {
    width: felt,
    height: felt,
}

fn calculate_area() -> felt {
    let rect = Rectangle { width: 5, height: 10 };
    rect.width = 7;
    return rect.width * rect.height;  // Returns 70
}
============================================================
Generated MIR:
module {
  // Function 0
  fn calculate_area {
    entry: 0

    0:
      %0 = makestruct { width: 5, height: 10 }
      %1 = insertfield %0, "width", 7
      %2 = extractfield %1, "width"
      %3 = extractfield %1, "height"
      %4 = %2 Mul %3
      return %4

  }

}
