---
source: crates/compiler/mir/tests/mdtest_snapshots.rs
description: "MIR snapshot for mdtest: Error Handling and Edge Cases in Cairo-M - Zero Conditions and Truthiness"
input_file: mdtest/05-edge-cases/01-error-handling.md
---
Source:
fn zero_truthiness(x: felt) -> felt {
    // Test various zero conditions
    if (x == 0) {
        return 1;
    }
    if (x != 0) {
        return 3;
    }
    return 4;  // Should never reach here
}
============================================================
Generated MIR:
module {
  // Function 0
  fn zero_truthiness {
    parameters: [0]
    entry: 0

    0:
      %1 = %0 == 0
      if %1 then jump 1 else jump 2

    1 (block_1):
      ; block_1
      return 1

    2 (block_2):
      ; block_2
      %2 = %0 != 0
      if %2 then jump 3 else jump 4

    3 (block_3):
      ; block_3
      return 3

    4 (block_4):
      ; block_4
      return 4

  }

}
