---
source: crates/wasm/tests/wasm_to_mir_tests.rs
expression: snapshot_content
---
---
source: crates/wasm/tests/wasm_to_mir_tests.rs
expression: wasm_load_result
---
WASM File: if_statement.wat
============================================================
Success: true
Functions loaded: 1
============================================================
Module Output:
module {
  // Function 0
  fn if_statement {
    parameters: [0]
    entry: 0

    0:
      %3 = 3 (u32)
      %4 = %0 U32Eq %3
      if %4 then jump 3 else jump 5

    1:
      %8 = 1 (u32)
      %9 = %0 U32Add %8
      %1 = %9 (u32)
      jump 2

    2:
      %2 = %1 (u32)
      jump 4

    3:
      %10 = 1 (u32)
      %2 = %10 (u32)
      jump 4

    4:
      jump 7

    5:
      %5 = 2 (u32)
      %6 = %0 U32Neq %5
      if %6 then jump 1 else jump 6

    6:
      %7 = 5 (u32)
      %1 = %7 (u32)
      jump 2

    7:
      return %2

  }

}
