---
source: crates/wasm/tests/wasm_to_mir_tests.rs
expression: snapshot_content
---
---
source: crates/wasm/tests/wasm_to_mir_tests.rs
expression: wasm_load_result
---
WASM File: simple_loop.wasm
============================================================
Success: true
Functions loaded: 1
============================================================
Module Output:
module {
  // Function 0
  fn main {
    entry: 0

    0:
      %0 = 0
      jump 2

    1:
      %10 = %3
      return %10

    2:
      %1 = %0
      %2 = %0
      %3 = %2 U32Add %1
      %4 = 1
      %5 = %1 U32Add %4
      %6 = 3
      %7 = %5 U32Neq %6
      %8 = %5
      %9 = %3
      if %7 then jump 2 else jump 4

    3:
      jump 1

    4:
      jump 1

    5:
      unreachable

  }

}
