---
source: crates/wasm/tests/wasm_to_mir_tests.rs
expression: snapshot_content
---
---
source: crates/wasm/tests/wasm_to_mir_tests.rs
expression: wasm_load_result
---
WASM File: fib.wasm
============================================================
Success: true
Functions loaded: 1
============================================================
Module Output:
module {
  // Function 0
  fn fib {
    parameters: [0]
    entry: 0

    0:
      %8 = 1 (u32)
      %9 = %0 U32LessEqual %8
      if %9 then jump 3 else jump 1

    1:
      %10 = 0 (u32)
      %11 = 2 (u32)
      jump 5

    2:
      jump 8

    3:
      jump 4

    4:
      return %0

    5:
      %1 = %1 (u32)
      %2 = %10 (u32)
      %3 = %8 (u32)
      %4 = %10 (u32)
      %5 = %11 (u32)
      jump 6

    6:
      %12 = %5 U32Greater %1
      %6 = %3 (u32)
      if %12 then jump 2 else jump 7

    7:
      %13 = %2 U32Add %3
      %14 = 1 (u32)
      %15 = %5 U32Add %14
      %1 = %1 (u32)
      %2 = %3 (u32)
      %3 = %13 (u32)
      %4 = %13 (u32)
      %5 = %15 (u32)
      jump 6

    8:
      return %6

  }

}
