---
source: crates/compiler/codegen/tests/codegen_tests.rs
expression: snapshot_content
---
---
source: crates/compiler/codegen/tests/codegen_tests.rs
expression: codegen_output
---
Fixture: left_imm.cm
============================================================
Source code:
fn with_left_imm() -> felt {
    let x = 1+1;
    let y = 2*x;
    let z = 20/x;
    return z;
}

============================================================
Generated CASM:
with_left_imm:
with_left_imm:
with_left_imm_0:
   0: 5 2 _ 0              // [fp + 0] = 2
   1: 5 20 _ 2             // [fp + 2] = 20
   2: 8 2 0 -3             // [fp + -3] = [fp + 2] op [fp + 0]
   3: 11 _ _ _             // return
