---
source: crates/compiler/codegen/tests/codegen_tests.rs
expression: snapshot_content
---
---
source: crates/compiler/codegen/tests/codegen_tests.rs
expression: codegen_output
---
Fixture: if_else.cm
============================================================
Source code:
func test_if_else(x: felt) -> felt {
    if (x == 0) {
        return 1;
    } else {
        return 2;
    }
}
============================================================
Generated CASM:
test_if_else:
test_if_else_0:
   0: 31 -4 2 _            // if [fp + 0] != 0 jmp rel test_if_else_2
test_if_else_1:
   1: 6 1 _ -3             // Return value: [fp - 3] = 1
   2: 15 _ _ _             // return
test_if_else_2:
   3: 6 2 _ -3             // Return value: [fp - 3] = 2
   4: 15 _ _ _             // return
