---
source: crates/compiler/codegen/tests/codegen_auto_discovery.rs
description: Codegen snapshot for simple/function_simple.cm
input_file: test_data/simple/function_simple.cm
---
Fixture: simple/function_simple.cm
============================================================
Source code:
fn test() -> felt {
    return 42;
}

============================================================
Generated CASM:
test:
   0: 9 42 -3 _            // Return value 0: [fp -3] = 42
   1: 11 _ _ _             // return
