---
source: crates/compiler/codegen/tests/codegen_tests.rs
expression: snapshot_content
---
---
source: crates/compiler/codegen/tests/codegen_tests.rs
expression: codegen_output
---
Fixture: equality.cm
============================================================
Source code:
fn main() -> bool {
    let a = 1;
    let b = 0;
    let c = a == b;
    let _d = a == 0;
    return c;
}

============================================================
Generated CASM:
main:
   0: 9 1 0 _              // [fp + 0] = 1
   3: 9 0 1 _              // [fp + 1] = 0
   6: 1 0 1 -3             // [fp + -3] = [fp + 0] op [fp + 1]
  10: 14 -3 8 _            // if [fp + -3] != 0, jump to not_zero_0
  13: 9 1 -3 _             // [fp + -3] = 1
  16: 12 21 _ _            // jump to end_1
not_zero_0:
  18: 9 0 -3 _             // [fp + -3] = 0
end_1:
  21: 11 _ _ _             // return
