---
source: crates/compiler/codegen/tests/mdtest_snapshots.rs
description: "Codegen snapshot for mdtest: Structs in Cairo-M - Nested Structs"
input_file: mdtest/03-types/02-structs.md
---
Source:
struct Point {
    x: felt,
    y: felt,
}

struct Line {
    start: Point,
    end: Point,
}

fn line_length_squared() -> felt {
    let line = Line {
        start: Point { x: 0, y: 0 },
        end: Point { x: 3, y: 4 }
    };
    let dx = line.end.x - line.start.x;
    let dy = line.end.y - line.start.y;
    return dx * dx + dy * dy;  // Returns 25
}
============================================================
Generated CASM:
line_length_squared:
line_length_squared:
line_length_squared_0:
   0: 9 0 0 _              // [fp + 0] = 0
   1: 9 0 1 _              // [fp + 1] = 0
   2: 9 3 2 _              // [fp + 2] = 3
   3: 9 4 3 _              // [fp + 3] = 4
   4: 4 0 0 4              // [fp + 4] = [fp + 0] + 0
   5: 4 1 0 5              // [fp + 5] = [fp + 1] + 0
   6: 4 2 0 6              // [fp + 6] = [fp + 2] + 0
   7: 4 3 0 7              // [fp + 7] = [fp + 3] + 0
   8: 1 6 4 14             // [fp + 14] = [fp + 6] op [fp + 4]
   9: 1 7 5 21             // [fp + 21] = [fp + 7] op [fp + 5]
  10: 4 14 0 25            // [fp + 25] = [fp + 14] + 0
  11: 2 25 14 22           // [fp + 22] = [fp + 25] op [fp + 14]
  12: 4 21 0 26            // [fp + 26] = [fp + 21] + 0
  13: 2 26 21 23           // [fp + 23] = [fp + 26] op [fp + 21]
  14: 0 22 23 2147483644   // [fp + -3] = [fp + 22] op [fp + 23]
  15: 11 _ _ _             // return
