---
source: crates/compiler/codegen/tests/mdtest_snapshots.rs
description: "Codegen snapshot for mdtest: Optimization Patterns in Cairo-M - Unused Variable Elimination"
input_file: mdtest/04-advanced/04-optimization.md
---
Test: Optimization Patterns in Cairo-M - Unused Variable Elimination
File: /Users/msaug/kkrt-labs/cairo-m/mdtest/04-advanced/04-optimization.md
============================================================
Source:
fn test_unused_elimination() -> felt {
    let used = 5;
    let unused = 10;  // This should be eliminated
    let also_unused = used * 2;  // This should also be eliminated
    return used;
}
============================================================
Generated CASM:
test_unused_elimination:
test_unused_elimination:
test_unused_elimination_0:
   0: 9 5 -3 _             // [fp + -3] = 5
   1: 11 _ _ _             // return
