---
source: crates/compiler/codegen/tests/mdtest_snapshots.rs
description: "Codegen snapshot for mdtest: Field Arithmetic in Cairo-M - Negative Numbers"
input_file: mdtest/01-basics/04-arithmetic.md
---
Test: Field Arithmetic in Cairo-M - Negative Numbers
File: /Users/msaug/kkrt-labs/cairo-m/mdtest/01-basics/04-arithmetic.md
============================================================
Source:
fn negative_arithmetic() -> felt {
    let a = 10;
    let b = -5;
    let c = a + b;  // 10 + (-5) = 5
    let d = b * 2;  // -5 * 2 = -10
    return c - d;   // 5 - (-10) = 15
}
============================================================
Generated CASM:
negative_arithmetic:
negative_arithmetic:
negative_arithmetic_0:
   0: 9 10 0 _             // [fp + 0] = 10
   1: 9 2147483642 1 _     // [fp + 1] = 2147483642
   2: 0 0 1 2              // [fp + 2] = [fp + 0] op [fp + 1]
   3: 6 1 2 3              // [fp + 3] = [fp + 1] op 2
   4: 1 2 3 -3             // [fp + -3] = [fp + 2] op [fp + 3]
   5: 11 _ _ _             // return
