---
source: crates/compiler/codegen/tests/mdtest_snapshots.rs
description: "Codegen snapshot for mdtest: Tuples in Cairo-M - Basic Tuple Creation - Tuple with a single element"
input_file: mdtest/03-types/01-tuples.md
---
Source:
fn create_tuple() -> (felt) {
    return (1);
}
============================================================
Generated CASM:
create_tuple:
create_tuple:
create_tuple_0:
   0: 9 1 2147483644 _     // Return value 0: [fp -3] = 1
   1: 11 _ _ _             // return
