---
source: crates/compiler/codegen/tests/mdtest_snapshots.rs
description: "Codegen snapshot for mdtest: Multiple Functions in Cairo-M - Basic Multiple Functions"
input_file: mdtest/04-advanced/02-multiple-functions.md
---
Source:
fn test_multiple_functions() -> felt {
    return first() + second() + third();
}

fn first() -> felt {
    return 10;
}

fn second() -> felt {
    return 20;
}

fn third() -> felt {
    return 30;
}
============================================================
Generated CASM:
test_multiple_functions:
test_multiple_functions:
test_multiple_functions_0:
   0: 10 6 6 _             // call first
   1: 10 8 8 _             // call second
   2: 0 5 7 2              // [fp + 2] = [fp + 5] op [fp + 7]
   3: 10 10 10 _           // call third
   4: 0 2 9 -3             // [fp + -3] = [fp + 2] op [fp + 9]
   5: 11 _ _ _             // return
first:
   6: 9 10 -3 _            // Return value 0: [fp -3] = 10
   7: 11 _ _ _             // return
second:
   8: 9 20 -3 _            // Return value 0: [fp -3] = 20
   9: 11 _ _ _             // return
third:
  10: 9 30 -3 _            // Return value 0: [fp -3] = 30
  11: 11 _ _ _             // return
