---
source: crates/compiler/codegen/tests/mdtest_snapshots.rs
description: "Codegen snapshot for mdtest: Field Arithmetic in Cairo-M - Overflow Behavior"
input_file: mdtest/01-basics/04-arithmetic.md
---
Source:
fn test_overflow() -> felt {
    let large = 2147483640;  // Close to 2^31 - 1
    return large + 12;        // Wraps around
}
============================================================
Generated CASM:
test_overflow:
test_overflow:
test_overflow_0:
   0: 9 2147483640 0 _     // [fp + 0] = 2147483640
   1: 4 0 12 2147483644    // [fp + -3] = [fp + 0] + 12
   2: 11 _ _ _             // return
