---
source: crates/compiler/parser/tests/common.rs
expression: snapshot
---
--- Code ---
return 5;
--- Diagnostics ---
[02] Error: found 'return' expected 'func', 'struct', 'from', 'const', 'namespace', or end of input
   ╭─[ test.cairo:1:1 ]
   │
 1 │ return 5;
   │ ───┬──  
   │    ╰──── found 'return' expected 'func', 'struct', 'from', 'const', 'namespace', or end of input
───╯
