---
source: crates/compiler/parser/tests/common.rs
expression: snapshot
---
--- Code ---
func (a: felt) -> felt { }
--- Diagnostics ---
[02] Error: found '(' expected identifier
   ╭─[ test.cairo:1:6 ]
   │
 1 │ func (a: felt) -> felt { }
   │      ┬  
   │      ╰── found '(' expected identifier
───╯
