---
source: crates/compiler/parser/tests/common.rs
expression: snapshot
---
--- Code ---
fn test() { a || b && c == d + e * f / g - h; }
--- AST ---
[
    Function(
        Spanned(
            FunctionDef {
                name: Spanned(
                    "test",
                    3..7,
                ),
                params: [],
                return_type: Spanned(
                    Tuple(
                        [],
                    ),
                    0..0,
                ),
                body: [
                    Spanned(
                        Expression(
                            Spanned(
                                BinaryOp {
                                    op: Or,
                                    left: Spanned(
                                        Identifier(
                                            Spanned(
                                                "a",
                                                12..13,
                                            ),
                                        ),
                                        12..13,
                                    ),
                                    right: Spanned(
                                        BinaryOp {
                                            op: And,
                                            left: Spanned(
                                                Identifier(
                                                    Spanned(
                                                        "b",
                                                        17..18,
                                                    ),
                                                ),
                                                17..18,
                                            ),
                                            right: Spanned(
                                                BinaryOp {
                                                    op: Eq,
                                                    left: Spanned(
                                                        Identifier(
                                                            Spanned(
                                                                "c",
                                                                22..23,
                                                            ),
                                                        ),
                                                        22..23,
                                                    ),
                                                    right: Spanned(
                                                        BinaryOp {
                                                            op: Sub,
                                                            left: Spanned(
                                                                BinaryOp {
                                                                    op: Add,
                                                                    left: Spanned(
                                                                        Identifier(
                                                                            Spanned(
                                                                                "d",
                                                                                27..28,
                                                                            ),
                                                                        ),
                                                                        27..28,
                                                                    ),
                                                                    right: Spanned(
                                                                        BinaryOp {
                                                                            op: Div,
                                                                            left: Spanned(
                                                                                BinaryOp {
                                                                                    op: Mul,
                                                                                    left: Spanned(
                                                                                        Identifier(
                                                                                            Spanned(
                                                                                                "e",
                                                                                                31..32,
                                                                                            ),
                                                                                        ),
                                                                                        31..32,
                                                                                    ),
                                                                                    right: Spanned(
                                                                                        Identifier(
                                                                                            Spanned(
                                                                                                "f",
                                                                                                35..36,
                                                                                            ),
                                                                                        ),
                                                                                        35..36,
                                                                                    ),
                                                                                },
                                                                                31..36,
                                                                            ),
                                                                            right: Spanned(
                                                                                Identifier(
                                                                                    Spanned(
                                                                                        "g",
                                                                                        39..40,
                                                                                    ),
                                                                                ),
                                                                                39..40,
                                                                            ),
                                                                        },
                                                                        31..40,
                                                                    ),
                                                                },
                                                                27..40,
                                                            ),
                                                            right: Spanned(
                                                                Identifier(
                                                                    Spanned(
                                                                        "h",
                                                                        43..44,
                                                                    ),
                                                                ),
                                                                43..44,
                                                            ),
                                                        },
                                                        27..44,
                                                    ),
                                                },
                                                22..44,
                                            ),
                                        },
                                        17..44,
                                    ),
                                },
                                12..44,
                            ),
                        ),
                        12..45,
                    ),
                ],
            },
            0..47,
        ),
    ),
]
