---
source: crates/compiler/parser/tests/common.rs
expression: snapshot
---
--- Code ---
fn loop_control_flow() {
    // Break in different contexts
    loop {
        break;
    }

    while (true) {
        if (should_exit()) {
            break;
        }
    }

    for (let item = 0; item < collection_len; item = item + 1) {
        if (is_invalid(item)) {
            break;
        }
        process(item);
    }

    // Continue in different contexts
    let sum = 0;
    for (let i = 0; i < numbers_len; i = i + 1) {
        if (i != 0) {
            continue;
        }
        sum = sum + i;
    }

    // Multiple breaks and continues
    loop {
        let x = read_input();
        if (x == 0) {
            break;
        }
        if (x != 0) {
            continue;
        }
        process_positive(x);
    }
}

--- AST ---
[
    Function(
        Spanned(
            FunctionDef {
                name: Spanned(
                    "loop_control_flow",
                    3..20,
                ),
                params: [],
                return_type: Spanned(
                    Tuple(
                        [],
                    ),
                    0..0,
                ),
                body: [
                    Spanned(
                        Loop {
                            body: Spanned(
                                Block(
                                    [
                                        Spanned(
                                            Break,
                                            79..85,
                                        ),
                                    ],
                                ),
                                69..91,
                            ),
                        },
                        64..91,
                    ),
                    Spanned(
                        While {
                            condition: Spanned(
                                BooleanLiteral(
                                    true,
                                ),
                                104..108,
                            ),
                            body: Spanned(
                                Block(
                                    [
                                        Spanned(
                                            If {
                                                condition: Spanned(
                                                    FunctionCall {
                                                        callee: Spanned(
                                                            Identifier(
                                                                Spanned(
                                                                    "should_exit",
                                                                    124..135,
                                                                ),
                                                            ),
                                                            124..135,
                                                        ),
                                                        args: [],
                                                    },
                                                    124..137,
                                                ),
                                                then_block: Spanned(
                                                    Block(
                                                        [
                                                            Spanned(
                                                                Break,
                                                                153..159,
                                                            ),
                                                        ],
                                                    ),
                                                    139..169,
                                                ),
                                                else_block: None,
                                            },
                                            120..169,
                                        ),
                                    ],
                                ),
                                110..175,
                            ),
                        },
                        97..175,
                    ),
                    Spanned(
                        For {
                            init: Spanned(
                                Let {
                                    pattern: Identifier(
                                        Spanned(
                                            "item",
                                            190..194,
                                        ),
                                    ),
                                    statement_type: None,
                                    value: Spanned(
                                        Literal(
                                            0,
                                            None,
                                        ),
                                        197..198,
                                    ),
                                },
                                186..199,
                            ),
                            condition: Spanned(
                                BinaryOp {
                                    op: Less,
                                    left: Spanned(
                                        Identifier(
                                            Spanned(
                                                "item",
                                                200..204,
                                            ),
                                        ),
                                        200..204,
                                    ),
                                    right: Spanned(
                                        Identifier(
                                            Spanned(
                                                "collection_len",
                                                207..221,
                                            ),
                                        ),
                                        207..221,
                                    ),
                                },
                                200..221,
                            ),
                            step: Spanned(
                                Assignment {
                                    lhs: Spanned(
                                        Identifier(
                                            Spanned(
                                                "item",
                                                223..227,
                                            ),
                                        ),
                                        223..227,
                                    ),
                                    rhs: Spanned(
                                        BinaryOp {
                                            op: Add,
                                            left: Spanned(
                                                Identifier(
                                                    Spanned(
                                                        "item",
                                                        230..234,
                                                    ),
                                                ),
                                                230..234,
                                            ),
                                            right: Spanned(
                                                Literal(
                                                    1,
                                                    None,
                                                ),
                                                237..238,
                                            ),
                                        },
                                        230..238,
                                    ),
                                },
                                223..238,
                            ),
                            body: Spanned(
                                Block(
                                    [
                                        Spanned(
                                            If {
                                                condition: Spanned(
                                                    FunctionCall {
                                                        callee: Spanned(
                                                            Identifier(
                                                                Spanned(
                                                                    "is_invalid",
                                                                    254..264,
                                                                ),
                                                            ),
                                                            254..264,
                                                        ),
                                                        args: [
                                                            Spanned(
                                                                Identifier(
                                                                    Spanned(
                                                                        "item",
                                                                        265..269,
                                                                    ),
                                                                ),
                                                                265..269,
                                                            ),
                                                        ],
                                                    },
                                                    254..269,
                                                ),
                                                then_block: Spanned(
                                                    Block(
                                                        [
                                                            Spanned(
                                                                Break,
                                                                286..292,
                                                            ),
                                                        ],
                                                    ),
                                                    272..302,
                                                ),
                                                else_block: None,
                                            },
                                            250..302,
                                        ),
                                        Spanned(
                                            Expression(
                                                Spanned(
                                                    FunctionCall {
                                                        callee: Spanned(
                                                            Identifier(
                                                                Spanned(
                                                                    "process",
                                                                    311..318,
                                                                ),
                                                            ),
                                                            311..318,
                                                        ),
                                                        args: [
                                                            Spanned(
                                                                Identifier(
                                                                    Spanned(
                                                                        "item",
                                                                        319..323,
                                                                    ),
                                                                ),
                                                                319..323,
                                                            ),
                                                        ],
                                                    },
                                                    311..323,
                                                ),
                                            ),
                                            311..325,
                                        ),
                                    ],
                                ),
                                240..331,
                            ),
                        },
                        181..331,
                    ),
                    Spanned(
                        Let {
                            pattern: Identifier(
                                Spanned(
                                    "sum",
                                    379..382,
                                ),
                            ),
                            statement_type: None,
                            value: Spanned(
                                Literal(
                                    0,
                                    None,
                                ),
                                385..386,
                            ),
                        },
                        375..387,
                    ),
                    Spanned(
                        For {
                            init: Spanned(
                                Let {
                                    pattern: Identifier(
                                        Spanned(
                                            "i",
                                            401..402,
                                        ),
                                    ),
                                    statement_type: None,
                                    value: Spanned(
                                        Literal(
                                            0,
                                            None,
                                        ),
                                        405..406,
                                    ),
                                },
                                397..407,
                            ),
                            condition: Spanned(
                                BinaryOp {
                                    op: Less,
                                    left: Spanned(
                                        Identifier(
                                            Spanned(
                                                "i",
                                                408..409,
                                            ),
                                        ),
                                        408..409,
                                    ),
                                    right: Spanned(
                                        Identifier(
                                            Spanned(
                                                "numbers_len",
                                                412..423,
                                            ),
                                        ),
                                        412..423,
                                    ),
                                },
                                408..423,
                            ),
                            step: Spanned(
                                Assignment {
                                    lhs: Spanned(
                                        Identifier(
                                            Spanned(
                                                "i",
                                                425..426,
                                            ),
                                        ),
                                        425..426,
                                    ),
                                    rhs: Spanned(
                                        BinaryOp {
                                            op: Add,
                                            left: Spanned(
                                                Identifier(
                                                    Spanned(
                                                        "i",
                                                        429..430,
                                                    ),
                                                ),
                                                429..430,
                                            ),
                                            right: Spanned(
                                                Literal(
                                                    1,
                                                    None,
                                                ),
                                                433..434,
                                            ),
                                        },
                                        429..434,
                                    ),
                                },
                                425..434,
                            ),
                            body: Spanned(
                                Block(
                                    [
                                        Spanned(
                                            If {
                                                condition: Spanned(
                                                    BinaryOp {
                                                        op: Neq,
                                                        left: Spanned(
                                                            Identifier(
                                                                Spanned(
                                                                    "i",
                                                                    450..451,
                                                                ),
                                                            ),
                                                            450..451,
                                                        ),
                                                        right: Spanned(
                                                            Literal(
                                                                0,
                                                                None,
                                                            ),
                                                            455..456,
                                                        ),
                                                    },
                                                    450..456,
                                                ),
                                                then_block: Spanned(
                                                    Block(
                                                        [
                                                            Spanned(
                                                                Continue,
                                                                472..481,
                                                            ),
                                                        ],
                                                    ),
                                                    458..491,
                                                ),
                                                else_block: None,
                                            },
                                            446..491,
                                        ),
                                        Spanned(
                                            Assignment {
                                                lhs: Spanned(
                                                    Identifier(
                                                        Spanned(
                                                            "sum",
                                                            500..503,
                                                        ),
                                                    ),
                                                    500..503,
                                                ),
                                                rhs: Spanned(
                                                    BinaryOp {
                                                        op: Add,
                                                        left: Spanned(
                                                            Identifier(
                                                                Spanned(
                                                                    "sum",
                                                                    506..509,
                                                                ),
                                                            ),
                                                            506..509,
                                                        ),
                                                        right: Spanned(
                                                            Identifier(
                                                                Spanned(
                                                                    "i",
                                                                    512..513,
                                                                ),
                                                            ),
                                                            512..513,
                                                        ),
                                                    },
                                                    506..513,
                                                ),
                                            },
                                            500..514,
                                        ),
                                    ],
                                ),
                                436..520,
                            ),
                        },
                        392..520,
                    ),
                    Spanned(
                        Loop {
                            body: Spanned(
                                Block(
                                    [
                                        Spanned(
                                            Let {
                                                pattern: Identifier(
                                                    Spanned(
                                                        "x",
                                                        582..583,
                                                    ),
                                                ),
                                                statement_type: None,
                                                value: Spanned(
                                                    FunctionCall {
                                                        callee: Spanned(
                                                            Identifier(
                                                                Spanned(
                                                                    "read_input",
                                                                    586..596,
                                                                ),
                                                            ),
                                                            586..596,
                                                        ),
                                                        args: [],
                                                    },
                                                    586..598,
                                                ),
                                            },
                                            578..599,
                                        ),
                                        Spanned(
                                            If {
                                                condition: Spanned(
                                                    BinaryOp {
                                                        op: Eq,
                                                        left: Spanned(
                                                            Identifier(
                                                                Spanned(
                                                                    "x",
                                                                    612..613,
                                                                ),
                                                            ),
                                                            612..613,
                                                        ),
                                                        right: Spanned(
                                                            Literal(
                                                                0,
                                                                None,
                                                            ),
                                                            617..618,
                                                        ),
                                                    },
                                                    612..618,
                                                ),
                                                then_block: Spanned(
                                                    Block(
                                                        [
                                                            Spanned(
                                                                Break,
                                                                634..640,
                                                            ),
                                                        ],
                                                    ),
                                                    620..650,
                                                ),
                                                else_block: None,
                                            },
                                            608..650,
                                        ),
                                        Spanned(
                                            If {
                                                condition: Spanned(
                                                    BinaryOp {
                                                        op: Neq,
                                                        left: Spanned(
                                                            Identifier(
                                                                Spanned(
                                                                    "x",
                                                                    663..664,
                                                                ),
                                                            ),
                                                            663..664,
                                                        ),
                                                        right: Spanned(
                                                            Literal(
                                                                0,
                                                                None,
                                                            ),
                                                            668..669,
                                                        ),
                                                    },
                                                    663..669,
                                                ),
                                                then_block: Spanned(
                                                    Block(
                                                        [
                                                            Spanned(
                                                                Continue,
                                                                685..694,
                                                            ),
                                                        ],
                                                    ),
                                                    671..704,
                                                ),
                                                else_block: None,
                                            },
                                            659..704,
                                        ),
                                        Spanned(
                                            Expression(
                                                Spanned(
                                                    FunctionCall {
                                                        callee: Spanned(
                                                            Identifier(
                                                                Spanned(
                                                                    "process_positive",
                                                                    713..729,
                                                                ),
                                                            ),
                                                            713..729,
                                                        ),
                                                        args: [
                                                            Spanned(
                                                                Identifier(
                                                                    Spanned(
                                                                        "x",
                                                                        730..731,
                                                                    ),
                                                                ),
                                                                730..731,
                                                            ),
                                                        ],
                                                    },
                                                    713..731,
                                                ),
                                            ),
                                            713..733,
                                        ),
                                    ],
                                ),
                                568..739,
                            ),
                        },
                        563..739,
                    ),
                ],
            },
            0..741,
        ),
    ),
]
