---
source: crates/compiler/parser/tests/common.rs
expression: snapshot
---
--- Code ---
func test() { return 42; }
--- AST ---
[
    Function(
        Spanned(
            FunctionDef {
                name: Spanned(
                    "test",
                    5..9,
                ),
                params: [],
                return_type: Tuple(
                    [],
                ),
                body: [
                    Spanned(
                        Return {
                            value: Some(
                                Spanned(
                                    Literal(
                                        42,
                                    ),
                                    21..23,
                                ),
                            ),
                        },
                        14..24,
                    ),
                ],
            },
            0..26,
        ),
    ),
]
