---
source: crates/compiler/parser/tests/common.rs
expression: snapshot
---
--- Code ---
fn test() { loop { let x = 1; } }
--- AST ---
[
    Function(
        Spanned(
            FunctionDef {
                name: Spanned(
                    "test",
                    3..7,
                ),
                params: [],
                return_type: Tuple(
                    [],
                ),
                body: [
                    Spanned(
                        Loop {
                            body: Spanned(
                                Block(
                                    [
                                        Spanned(
                                            Let {
                                                pattern: Identifier(
                                                    Spanned(
                                                        "x",
                                                        23..24,
                                                    ),
                                                ),
                                                statement_type: None,
                                                value: Spanned(
                                                    Literal(
                                                        1,
                                                    ),
                                                    27..28,
                                                ),
                                            },
                                            19..29,
                                        ),
                                    ],
                                ),
                                17..31,
                            ),
                        },
                        12..31,
                    ),
                ],
            },
            0..33,
        ),
    ),
]
