---
source: crates/compiler/parser/tests/common.rs
expression: snapshot
---
--- Code ---
func test() { return; }
--- AST ---
[
    Function(
        Spanned(
            FunctionDef {
                name: Spanned(
                    "test",
                    5..9,
                ),
                params: [],
                return_type: Tuple(
                    [],
                ),
                body: [
                    Spanned(
                        Return {
                            value: None,
                        },
                        14..21,
                    ),
                ],
            },
            0..23,
        ),
    ),
]
